OLD {'sheet': 1, 'app_sheet': 'S02', 'mat_lt15': 0, 'mat_lt5': 0, 'mat_min_mm': None, 'gap_lt15': 0, 'gap_lt5': 0, 'gap_min_mm': None, 'medial_mat': {'spots': 0, 'lt_0_5mm': 0, 'min_width_mm': None}, 'medial_gap': {'spots': 0, 'lt_0_5mm': 0, 'min_width_mm': None}, 'parts': 1, 'conn_ok': True, 'islands': 0, 'holes': 0, 'min_part_mm2': 118850.7}
OLD {'sheet': 2, 'app_sheet': 'S03', 'mat_lt15': 0, 'mat_lt5': 0, 'mat_min_mm': None, 'gap_lt15': 0, 'gap_lt5': 0, 'gap_min_mm': None, 'medial_mat': {'spots': 0, 'lt_0_5mm': 0, 'min_width_mm': None}, 'medial_gap': {'spots': 0, 'lt_0_5mm': 0, 'min_width_mm': None}, 'parts': 1, 'conn_ok': True, 'islands': 0, 'holes': 0, 'min_part_mm2': 110712.5}
OLD {'sheet': 3, 'app_sheet': 'S04', 'mat_lt15': 0, 'mat_lt5': 0, 'mat_min_mm': None, 'gap_lt15': 0, 'gap_lt5': 0, 'gap_min_mm': None, 'medial_mat': {'spots': 0, 'lt_0_5mm': 0, 'min_width_mm': None}, 'medial_gap': {'spots': 0, 'lt_0_5mm': 0, 'min_width_mm': None}, 'parts': 1, 'conn_ok': True, 'islands': 0, 'holes': 0, 'min_part_mm2': 105227.3}
OLD {'sheet': 4, 'app_sheet': 'S05', 'mat_lt15': 1, 'mat_lt5': 0, 'mat_min_mm': 1.38, 'gap_lt15': 8, 'gap_lt5': 4, 'gap_min_mm': 0.18, 'medial_mat': {'spots': 2, 'lt_0_5mm': 1, 'min_width_mm': 0.2}, 'medial_gap': {'spots': 6, 'lt_0_5mm': 4, 'min_width_mm': 0.2}, 'parts': 3, 'conn_ok': True, 'islands': 0, 'holes': 0, 'min_part_mm2': 143.6}
OLD {'sheet': 5, 'app_sheet': 'S06', 'mat_lt15': 5, 'mat_lt5': 1, 'mat_min_mm': 0.1, 'gap_lt15': 40, 'gap_lt5': 16, 'gap_min_mm': 0.1, 'medial_mat': {'spots': 6, 'lt_0_5mm': 2, 'min_width_mm': 0.2}, 'medial_gap': {'spots': 33, 'lt_0_5mm': 16, 'min_width_mm': 0.2}, 'parts': 11, 'conn_ok': False, 'islands': 0, 'holes': 0, 'min_part_mm2': 12.0}
OLD {'sheet': 6, 'app_sheet': 'S07', 'mat_lt15': 7, 'mat_lt5': 0, 'mat_min_mm': 0.78, 'gap_lt15': 28, 'gap_lt5': 13, 'gap_min_mm': 0.1, 'medial_mat': {'spots': 5, 'lt_0_5mm': 0, 'min_width_mm': 0.89}, 'medial_gap': {'spots': 16, 'lt_0_5mm': 5, 'min_width_mm': 0.2}, 'parts': 16, 'conn_ok': True, 'islands': 0, 'holes': 0, 'min_part_mm2': 11.5}
OLD {'sheet': 7, 'app_sheet': 'S08', 'mat_lt15': 1, 'mat_lt5': 0, 'mat_min_mm': 1.06, 'gap_lt15': 7, 'gap_lt5': 3, 'gap_min_mm': 0.1, 'medial_mat': {'spots': 1, 'lt_0_5mm': 0, 'min_width_mm': 1.17}, 'medial_gap': {'spots': 6, 'lt_0_5mm': 1, 'min_width_mm': 0.28}, 'parts': 21, 'conn_ok': True, 'islands': 0, 'holes': 0, 'min_part_mm2': 10.9}
cleaning height_8layer_precut.png
  sheet 1: 2 iters, spots/iter [(0, 0), (0, 0)]
  sheet 2: 2 iters, spots/iter [(0, 0), (0, 0)]
  sheet 3: 2 iters, spots/iter [(0, 0), (0, 0)]
  sheet 4: 3 iters, spots/iter [(2, 10), (0, 0), (0, 0)]
  sheet 5: 4 iters, spots/iter [(2, 62), (0, 2), (0, 0), (0, 0)]
  sheet 6: 3 iters, spots/iter [(12, 79), (0, 0), (0, 0)]
  sheet 7: 3 iters, spots/iter [(0, 8), (0, 0), (0, 0)]
NEW {'sheet': 1, 'app_sheet': 'S02', 'mat_lt15': 0, 'mat_lt5': 0, 'mat_min_mm': None, 'gap_lt15': 0, 'gap_lt5': 0, 'gap_min_mm': None, 'medial_mat': {'spots': 0, 'lt_0_5mm': 0, 'min_width_mm': None}, 'medial_gap': {'spots': 0, 'lt_0_5mm': 0, 'min_width_mm': None}, 'parts': 1, 'conn_ok': True, 'islands': 0, 'holes': 0, 'min_part_mm2': 118850.7}
NEW {'sheet': 2, 'app_sheet': 'S03', 'mat_lt15': 0, 'mat_lt5': 0, 'mat_min_mm': None, 'gap_lt15': 0, 'gap_lt5': 0, 'gap_min_mm': None, 'medial_mat': {'spots': 0, 'lt_0_5mm': 0, 'min_width_mm': None}, 'medial_gap': {'spots': 0, 'lt_0_5mm': 0, 'min_width_mm': None}, 'parts': 1, 'conn_ok': True, 'islands': 0, 'holes': 0, 'min_part_mm2': 110712.5}
NEW {'sheet': 3, 'app_sheet': 'S04', 'mat_lt15': 0, 'mat_lt5': 0, 'mat_min_mm': None, 'gap_lt15': 0, 'gap_lt5': 0, 'gap_min_mm': None, 'medial_mat': {'spots': 0, 'lt_0_5mm': 0, 'min_width_mm': None}, 'medial_gap': {'spots': 0, 'lt_0_5mm': 0, 'min_width_mm': None}, 'parts': 1, 'conn_ok': True, 'islands': 0, 'holes': 0, 'min_part_mm2': 105227.6}
NEW {'sheet': 4, 'app_sheet': 'S05', 'mat_lt15': 0, 'mat_lt5': 0, 'mat_min_mm': None, 'gap_lt15': 0, 'gap_lt5': 0, 'gap_min_mm': None, 'medial_mat': {'spots': 0, 'lt_0_5mm': 0, 'min_width_mm': None}, 'medial_gap': {'spots': 0, 'lt_0_5mm': 0, 'min_width_mm': None}, 'parts': 3, 'conn_ok': True, 'islands': 0, 'holes': 0, 'min_part_mm2': 142.5}
NEW {'sheet': 5, 'app_sheet': 'S06', 'mat_lt15': 0, 'mat_lt5': 0, 'mat_min_mm': None, 'gap_lt15': 0, 'gap_lt5': 0, 'gap_min_mm': None, 'medial_mat': {'spots': 0, 'lt_0_5mm': 0, 'min_width_mm': None}, 'medial_gap': {'spots': 0, 'lt_0_5mm': 0, 'min_width_mm': None}, 'parts': 7, 'conn_ok': True, 'islands': 0, 'holes': 0, 'min_part_mm2': 21.4}
NEW {'sheet': 6, 'app_sheet': 'S07', 'mat_lt15': 0, 'mat_lt5': 0, 'mat_min_mm': None, 'gap_lt15': 0, 'gap_lt5': 0, 'gap_min_mm': None, 'medial_mat': {'spots': 0, 'lt_0_5mm': 0, 'min_width_mm': None}, 'medial_gap': {'spots': 0, 'lt_0_5mm': 0, 'min_width_mm': None}, 'parts': 16, 'conn_ok': True, 'islands': 0, 'holes': 0, 'min_part_mm2': 16.6}
NEW {'sheet': 7, 'app_sheet': 'S08', 'mat_lt15': 0, 'mat_lt5': 0, 'mat_min_mm': None, 'gap_lt15': 0, 'gap_lt5': 0, 'gap_min_mm': None, 'medial_mat': {'spots': 0, 'lt_0_5mm': 0, 'min_width_mm': None}, 'medial_gap': {'spots': 0, 'lt_0_5mm': 0, 'min_width_mm': None}, 'parts': 20, 'conn_ok': True, 'islands': 0, 'holes': 0, 'min_part_mm2': 10.0}
nested True
